------------------------------------------------------------
TimeQuest Timing Analyzer Summary
------------------------------------------------------------

Type  : Slow 1200mV 85C Model Setup 'CLK_25'
Slack : 2.916
TNS   : 0.000

Type  : Slow 1200mV 85C Model Setup 'CLK_32'
Slack : 26.612
TNS   : 0.000

Type  : Slow 1200mV 85C Model Hold 'CLK_25'
Slack : 0.452
TNS   : 0.000

Type  : Slow 1200mV 85C Model Hold 'CLK_32'
Slack : 0.452
TNS   : 0.000

Type  : Slow 1200mV 85C Model Minimum Pulse Width 'CLK_32'
Slack : 15.285
TNS   : 0.000

Type  : Slow 1200mV 85C Model Minimum Pulse Width 'CLK_25'
Slack : 19.671
TNS   : 0.000

Type  : Slow 1200mV 0C Model Setup 'CLK_25'
Slack : 5.936
TNS   : 0.000

Type  : Slow 1200mV 0C Model Setup 'CLK_32'
Slack : 26.915
TNS   : 0.000

Type  : Slow 1200mV 0C Model Hold 'CLK_25'
Slack : 0.401
TNS   : 0.000

Type  : Slow 1200mV 0C Model Hold 'CLK_32'
Slack : 0.401
TNS   : 0.000

Type  : Slow 1200mV 0C Model Minimum Pulse Width 'CLK_32'
Slack : 15.272
TNS   : 0.000

Type  : Slow 1200mV 0C Model Minimum Pulse Width 'CLK_25'
Slack : 19.663
TNS   : 0.000

Type  : Fast 1200mV 0C Model Setup 'CLK_25'
Slack : 24.079
TNS   : 0.000

Type  : Fast 1200mV 0C Model Setup 'CLK_32'
Slack : 29.224
TNS   : 0.000

Type  : Fast 1200mV 0C Model Hold 'CLK_32'
Slack : 0.161
TNS   : 0.000

Type  : Fast 1200mV 0C Model Hold 'CLK_25'
Slack : 0.186
TNS   : 0.000

Type  : Fast 1200mV 0C Model Minimum Pulse Width 'CLK_32'
Slack : 15.000
TNS   : 0.000

Type  : Fast 1200mV 0C Model Minimum Pulse Width 'CLK_25'
Slack : 19.376
TNS   : 0.000

------------------------------------------------------------
