------------------------------------------------------------
TimeQuest Timing Analyzer Summary
------------------------------------------------------------

Type  : Slow 1200mV 85C Model Setup 'CLK_25'
Slack : -26.628
TNS   : -1543.270

Type  : Slow 1200mV 85C Model Setup 'CLK_32'
Slack : 26.541
TNS   : 0.000

Type  : Slow 1200mV 85C Model Hold 'CLK_32'
Slack : 0.452
TNS   : 0.000

Type  : Slow 1200mV 85C Model Hold 'CLK_25'
Slack : 0.453
TNS   : 0.000

Type  : Slow 1200mV 85C Model Minimum Pulse Width 'CLK_32'
Slack : 15.285
TNS   : 0.000

Type  : Slow 1200mV 85C Model Minimum Pulse Width 'CLK_25'
Slack : 19.678
TNS   : 0.000

Type  : Slow 1200mV 0C Model Setup 'CLK_25'
Slack : -21.217
TNS   : -1222.195

Type  : Slow 1200mV 0C Model Setup 'CLK_32'
Slack : 26.962
TNS   : 0.000

Type  : Slow 1200mV 0C Model Hold 'CLK_25'
Slack : 0.401
TNS   : 0.000

Type  : Slow 1200mV 0C Model Hold 'CLK_32'
Slack : 0.401
TNS   : 0.000

Type  : Slow 1200mV 0C Model Minimum Pulse Width 'CLK_32'
Slack : 15.272
TNS   : 0.000

Type  : Slow 1200mV 0C Model Minimum Pulse Width 'CLK_25'
Slack : 19.665
TNS   : 0.000

Type  : Fast 1200mV 0C Model Setup 'CLK_25'
Slack : 11.473
TNS   : 0.000

Type  : Fast 1200mV 0C Model Setup 'CLK_32'
Slack : 29.178
TNS   : 0.000

Type  : Fast 1200mV 0C Model Hold 'CLK_32'
Slack : 0.186
TNS   : 0.000

Type  : Fast 1200mV 0C Model Hold 'CLK_25'
Slack : 0.187
TNS   : 0.000

Type  : Fast 1200mV 0C Model Minimum Pulse Width 'CLK_32'
Slack : 15.000
TNS   : 0.000

Type  : Fast 1200mV 0C Model Minimum Pulse Width 'CLK_25'
Slack : 19.377
TNS   : 0.000

------------------------------------------------------------
